Pembelians Columns: id, order_id, username, user_id, zone, nickname, layanan, harga, profit, provider_order_id, status, log, traffic_source, voucher, tipe_transaksi, email_pembeli, ip_address, created_at, updated_at
Creating 50 transactions to reach Gold...
